// Vitest Snapshot v1, https://vitest.dev/guide/snapshot.html

exports[`home snapshot 1`] = `
{
  "asFragment": [Function],
  "baseElement": <body>
    <div>
      <div
        class="home-container"
      >
        <div
          class="home-content-section"
        >
          <p
            class="home-welcome-text"
          >
            Welcome to 
            <span
              class="brand-name"
            >
              Shopora
            </span>
            ! where style meets tech, elegance meets performance.
            <br />
            Discover the best in fashion, gadgets, jewelry, and more all in one place, just for you.
          </p>
        </div>
        <div
          class="home-image-section"
        >
          <div
            class="home-image-container"
          >
            <img
              src="/src/assets/shutter-speed-BQ9usyzHx_w-unsplash.jpg"
            />
          </div>
        </div>
      </div>
    </div>
  </body>,
  "container": <div>
    <div
      class="home-container"
    >
      <div
        class="home-content-section"
      >
        <p
          class="home-welcome-text"
        >
          Welcome to 
          <span
            class="brand-name"
          >
            Shopora
          </span>
          ! where style meets tech, elegance meets performance.
          <br />
          Discover the best in fashion, gadgets, jewelry, and more all in one place, just for you.
        </p>
      </div>
      <div
        class="home-image-section"
      >
        <div
          class="home-image-container"
        >
          <img
            src="/src/assets/shutter-speed-BQ9usyzHx_w-unsplash.jpg"
          />
        </div>
      </div>
    </div>
  </div>,
  "debug": [Function],
  "findAllByAltText": [Function],
  "findAllByDisplayValue": [Function],
  "findAllByLabelText": [Function],
  "findAllByPlaceholderText": [Function],
  "findAllByRole": [Function],
  "findAllByTestId": [Function],
  "findAllByText": [Function],
  "findAllByTitle": [Function],
  "findByAltText": [Function],
  "findByDisplayValue": [Function],
  "findByLabelText": [Function],
  "findByPlaceholderText": [Function],
  "findByRole": [Function],
  "findByTestId": [Function],
  "findByText": [Function],
  "findByTitle": [Function],
  "getAllByAltText": [Function],
  "getAllByDisplayValue": [Function],
  "getAllByLabelText": [Function],
  "getAllByPlaceholderText": [Function],
  "getAllByRole": [Function],
  "getAllByTestId": [Function],
  "getAllByText": [Function],
  "getAllByTitle": [Function],
  "getByAltText": [Function],
  "getByDisplayValue": [Function],
  "getByLabelText": [Function],
  "getByPlaceholderText": [Function],
  "getByRole": [Function],
  "getByTestId": [Function],
  "getByText": [Function],
  "getByTitle": [Function],
  "queryAllByAltText": [Function],
  "queryAllByDisplayValue": [Function],
  "queryAllByLabelText": [Function],
  "queryAllByPlaceholderText": [Function],
  "queryAllByRole": [Function],
  "queryAllByTestId": [Function],
  "queryAllByText": [Function],
  "queryAllByTitle": [Function],
  "queryByAltText": [Function],
  "queryByDisplayValue": [Function],
  "queryByLabelText": [Function],
  "queryByPlaceholderText": [Function],
  "queryByRole": [Function],
  "queryByTestId": [Function],
  "queryByText": [Function],
  "queryByTitle": [Function],
  "rerender": [Function],
  "unmount": [Function],
}
`;
